🛡️ Guard Results (calm regime) - 2025-01-15T12:00:00
┌──────────┬────────┬─────────────┬──────────────────────────────────────┐
│ Symbol   │ Status │ Failed Guard│ Reason                               │
├──────────┼────────┼─────────────┼──────────────────────────────────────┤
│ BTCUSD   │ ✅ PASS │ -           │ -                                    │
│ ETHUSD   │ ❌ FAIL │ fatigue     │ 24h momentum 12.0% > 10.0% + RSI... │
│ SOLUSD   │ ✅ PASS │ -           │ -                                    │
└──────────┴────────┴─────────────┴──────────────────────────────────────┘
Summary: 2 passed, 1 failed